// Jest Snapshot v1, https://goo.gl/fbAQLP

exports[`<Footer /> should match its snapshot 1`] = `
<ContextConsumer>
  <Component />
</ContextConsumer>
`;
