// Jest Snapshot v1, https://goo.gl/fbAQLP

exports[`<ProductDescription /> should match its snapshot 1`] = `""`;
