// Jest Snapshot v1, https://goo.gl/fbAQLP

exports[`<Promotions /> should match its snapshot 1`] = `
<section
  className="promotions"
>
  <div
    className="spin-position"
  >
    <Spinner />
  </div>
</section>
`;
