// Jest Snapshot v1, https://goo.gl/fbAQLP

exports[`<Spinner /> should match its snapshot 1`] = `
<div
  className="spinner"
>
  <i
    className="fas fa-sun"
  />
</div>
`;
