// Jest Snapshot v1, https://goo.gl/fbAQLP

exports[`<ProductDetails /> should match its snapshot 1`] = `
<div
  className="container"
>
  <Connect(ProductDescription)
    inCart={false}
    item={
      Object {
        "_id": "5c47312be7179a544940e080",
        "available": true,
        "brand": "Columbia",
        "category": "male",
        "colorUrls": Object {
          "#139d1a": "https://res.cloudinary.com/so/image/upload/v1548069124/products/cycling%20tshirt/green.jpg",
          "#39b3cd": "https://res.cloudinary.com/so/image/upload/v1548069124/products/cycling%20tshirt/blue.jpg",
          "#631399": "https://res.cloudinary.com/so/image/upload/v1548069124/products/cycling%20tshirt/purple.jpg",
          "#9e1112": "https://res.cloudinary.com/so/image/upload/v1548069124/products/cycling%20tshirt/red.jpg",
          "#cbb61d": "https://res.cloudinary.com/so/image/upload/v1548069124/products/cycling%20tshirt/yellow.jpg",
        },
        "colors": Array [
          "#39b3cd",
          "#cbb61d",
          "#139d1a",
          "#631399",
          "#9e1112",
        ],
        "price": 150,
        "sizes": Array [
          "s",
          "m",
          "l",
        ],
        "src": "https://res.cloudinary.com/so/image/upload/v1548069124/products/cycling%20tshirt/blue.jpg",
        "title": "Columbia Cycling T-shirt",
      }
    }
    wished={false}
  />
  <RelatedProducts
    inCart={false}
    item={
      Object {
        "_id": "5c47312be7179a544940e080",
        "available": true,
        "brand": "Columbia",
        "category": "male",
        "colorUrls": Object {
          "#139d1a": "https://res.cloudinary.com/so/image/upload/v1548069124/products/cycling%20tshirt/green.jpg",
          "#39b3cd": "https://res.cloudinary.com/so/image/upload/v1548069124/products/cycling%20tshirt/blue.jpg",
          "#631399": "https://res.cloudinary.com/so/image/upload/v1548069124/products/cycling%20tshirt/purple.jpg",
          "#9e1112": "https://res.cloudinary.com/so/image/upload/v1548069124/products/cycling%20tshirt/red.jpg",
          "#cbb61d": "https://res.cloudinary.com/so/image/upload/v1548069124/products/cycling%20tshirt/yellow.jpg",
        },
        "colors": Array [
          "#39b3cd",
          "#cbb61d",
          "#139d1a",
          "#631399",
          "#9e1112",
        ],
        "price": 150,
        "sizes": Array [
          "s",
          "m",
          "l",
        ],
        "src": "https://res.cloudinary.com/so/image/upload/v1548069124/products/cycling%20tshirt/blue.jpg",
        "title": "Columbia Cycling T-shirt",
      }
    }
    wished={false}
  />
</div>
`;
